../Core/Src/main.c:95:5:main	16	static
../Core/Src/main.c:160:6:SystemClock_Config	88	static
../Core/Src/main.c:207:13:MX_TIM1_Init	96	static
../Core/Src/main.c:282:13:MX_TIM2_Init	48	static
../Core/Src/main.c:340:13:MX_TIM3_Init	56	static
../Core/Src/main.c:389:13:MX_TIM5_Init	32	static
../Core/Src/main.c:434:13:MX_USART2_UART_Init	8	static
../Core/Src/main.c:465:13:MX_DMA_Init	16	static
../Core/Src/main.c:483:13:MX_GPIO_Init	48	static
../Core/Src/main.c:516:7:IC_Calc_Period	32	static
../Core/Src/main.c:533:6:HAL_TIM_PeriodElapsedCallback	24	static
../Core/Src/main.c:540:10:micros	12	static
../Core/Src/main.c:544:6:QEIEncoderPositionVelocity_Update	32	static
../Core/Src/main.c:574:6:Error_Handler	4	static,ignoring_inline_asm
